// Jest Snapshot v1, https://goo.gl/fbAQLP

exports[`Pruebas en PrimeraApp debe de mostrar <PrimeraApp/> 1`] = `
<Fragment>
  <h1>
    hola soy goku
  </h1>
  <p>
    Soy un subtitulo
  </p>
</Fragment>
`;
